acer@LAPTOP-9DID7V1B MINGW64 ~
$ cd ~
acer@LAPTOP-9DID7V1B MINGW64 ~
$ cd desktop
acer@LAPTOP-9DID7V1B MINGW64 ~/desktop
$ cd TestPython/
acer@LAPTOP-9DID7V1B MINGW64 ~/desktop/TestPython
$ git init
Initialized empty Git repository in C:/Users/acer/Desktop/TestPython/.git/
acer@LAPTOP-9DID7V1B MINGW64 ~/desktop/TestPython (master)
$ git status
On branch master
No commits yet
Untracked files:
  (use "git add <file>..." to include in what will be committed)

        anaconda_setting.py
        area.py
        areaInput.py
        index.html

nothing added to commit but untracked files present (use "git add" to track)

acer@LAPTOP-9DID7V1B MINGW64 ~/desktop/TestPython (master)
$ git add area.py
acer@LAPTOP-9DID7V1B MINGW64 ~/desktop/TestPython (master)
$ git status
On branch master
No commits yet
Changes to be committed:
  (use "git rm --cached <file>..." to unstage)
       new file:   area.py
Untracked files:
  (use "git add <file>..." to include in what will be committed)
        anaconda_setting.py
        areaInput.py
        index.html
acer@LAPTOP-9DID7V1B MINGW64 ~/desktop/TestPython (master)
$ git commit -m "area file under observation"
[master (root-commit) 9eb63dc] area file under observation
 1 file changed, 4 insertions(+)
 create mode 100644 area.py
acer@LAPTOP-9DID7V1B MINGW64 ~/desktop/TestPython (master)
$ git status
On branch master
Untracked files:
  (use "git add <file>..." to include in what will be committed)
        anaconda_setting.py
        areaInput.py
        index.html
nothing added to commit but untracked files present (use "git add" to track)
acer@LAPTOP-9DID7V1B MINGW64 ~/desktop/TestPython (master)
$ git status
On branch master
Untracked files:
  (use "git add <file>..." to include in what will be committed)
        anaconda_setting.py
        areaInput.py
        index.html

nothing added to commit but untracked files present (use "git add" to track)

acer@LAPTOP-9DID7V1B MINGW64 ~/desktop/TestPython (master)
$ git status
On branch master
Untracked files:
  (use "git add <file>..." to include in what will be committed)

        anaconda_setting.py
        areaInput.py
        index.html

nothing added to commit but untracked files present (use "git add" to track)

acer@LAPTOP-9DID7V1B MINGW64 ~/desktop/TestPython (master)
$ git status
On branch master
Untracked files:
  (use "git add <file>..." to include in what will be committed)

        anaconda_setting.py
        areaInput.py
        index.html

nothing added to commit but untracked files present (use "git add" to track)

acer@LAPTOP-9DID7V1B MINGW64 ~/desktop/TestPython (master)
$ git add .

acer@LAPTOP-9DID7V1B MINGW64 ~/desktop/TestPython (master)
$ git status
On branch master
Changes to be committed:
  (use "git reset HEAD <file>..." to unstage)

        new file:   anaconda_setting.py
        new file:   areaInput.py
        new file:   index.html


acer@LAPTOP-9DID7V1B MINGW64 ~/desktop/TestPython (master)
$ git commit -m "three files added"
[master 830b1a2] three files added
 3 files changed, 22 insertions(+)
 create mode 100644 anaconda_setting.py
 create mode 100644 areaInput.py
 create mode 100644 index.html

acer@LAPTOP-9DID7V1B MINGW64 ~/desktop/TestPython (master)
$ git log
commit 830b1a26ac6c305cadb23ed2618005fa87446a16 (HEAD -> master)
Author: rakesh <rakesh@binarynote.com>
Date:   Fri Jun 8 10:52:47 2018 +0530

    three files added

commit 9eb63dcea0913723c98de41f65a6a395d18f5828
Author: rakesh <rakesh@binarynote.com>
Date:   Fri Jun 8 10:37:52 2018 +0530

    area file under observation

acer@LAPTOP-9DID7V1B MINGW64 ~/desktop/TestPython (master)
$ git reset 9eb63dcea0913723c98de41f65a6a395d18f5828

acer@LAPTOP-9DID7V1B MINGW64 ~/desktop/TestPython (master)
$ git status
On branch master
Untracked files:
  (use "git add <file>..." to include in what will be committed)

        anaconda_setting.py
        areaInput.py
        index.html

nothing added to commit but untracked files present (use "git add" to track)

acer@LAPTOP-9DID7V1B MINGW64 ~/desktop/TestPython (master)
$ git checkout --area.py
error: unknown option `area.py'
usage: git checkout [<options>] <branch>
   or: git checkout [<options>] [<branch>] -- <file>...

    -q, --quiet           suppress progress reporting
    -b <branch>           create and checkout a new branch
    -B <branch>           create/reset and checkout a branch
    -l                    create reflog for new branch
    --detach              detach HEAD at named commit
    -t, --track           set upstream info for new branch
    --orphan <new-branch>
                          new unparented branch
    -2, --ours            checkout our version for unmerged files
    -3, --theirs          checkout their version for unmerged files
    -f, --force           force checkout (throw away local modifications)
    -m, --merge           perform a 3-way merge with the new branch
    --overwrite-ignore    update ignored files (default)
    --conflict <style>    conflict style (merge or diff3)
    -p, --patch           select hunks interactively
    --ignore-skip-worktree-bits
                          do not limit pathspecs to sparse entries only
    --ignore-other-worktrees
                          do not check if another worktree is holding the given ref
    --recurse-submodules[=<checkout>]
                          control recursive updating of submodules
    --progress            force progress reporting


acer@LAPTOP-9DID7V1B MINGW64 ~/desktop/TestPython (master)
$ git checkout -- area.py

acer@LAPTOP-9DID7V1B MINGW64 ~/desktop/TestPython (master)
$ git log
commit 9eb63dcea0913723c98de41f65a6a395d18f5828 (HEAD -> master)
Author: rakesh <rakesh@binarynote.com>
Date:   Fri Jun 8 10:37:52 2018 +0530

    area file under observation

acer@LAPTOP-9DID7V1B MINGW64 ~/desktop/TestPython (master)
$ git remote add origin https://github.com/linrakesh/sunvalley.git

acer@LAPTOP-9DID7V1B MINGW64 ~/desktop/TestPython (master)
$ git remote
origin

acer@LAPTOP-9DID7V1B MINGW64 ~/desktop/TestPython (master)
$ git push origin master
fatal: HttpRequestException encountered.
   An error occurred while sending the request.
Username for 'https://github.com': linrakesh
Counting objects: 3, done.
Delta compression using up to 4 threads.
Compressing objects: 100% (2/2), done.
Writing objects: 100% (3/3), 284 bytes | 94.00 KiB/s, done.
Total 3 (delta 0), reused 0 (delta 0)
To https://github.com/linrakesh/sunvalley.git
 * [new branch]      master -> master

acer@LAPTOP-9DID7V1B MINGW64 ~/desktop/TestPython (master)
$ git status
On branch master
Untracked files:
  (use "git add <file>..." to include in what will be committed)

        anaconda_setting.py
        areaInput.py
        index.html

nothing added to commit but untracked files present (use "git add" to track)

acer@LAPTOP-9DID7V1B MINGW64 ~/desktop/TestPython (master)
$ git add .

acer@LAPTOP-9DID7V1B MINGW64 ~/desktop/TestPython (master)
$ git status
On branch master
Changes to be committed:
  (use "git reset HEAD <file>..." to unstage)

        new file:   anaconda_setting.py
        new file:   areaInput.py
        new file:   index.html


acer@LAPTOP-9DID7V1B MINGW64 ~/desktop/TestPython (master)
$ git commit -m "second time entry"
[master 8db3dcc] second time entry
 3 files changed, 22 insertions(+)
 create mode 100644 anaconda_setting.py
 create mode 100644 areaInput.py
 create mode 100644 index.html

acer@LAPTOP-9DID7V1B MINGW64 ~/desktop/TestPython (master)
$ git status
On branch master
nothing to commit, working tree clean

acer@LAPTOP-9DID7V1B MINGW64 ~/desktop/TestPython (master)
$ git push origin master
fatal: HttpRequestException encountered.
   An error occurred while sending the request.
Username for 'https://github.com': linrakesh
Counting objects: 5, done.
Delta compression using up to 4 threads.
Compressing objects: 100% (4/4), done.
Writing objects: 100% (5/5), 605 bytes | 121.00 KiB/s, done.
Total 5 (delta 0), reused 0 (delta 0)
To https://github.com/linrakesh/sunvalley.git
   9eb63dc..8db3dcc  master -> master

acer@LAPTOP-9DID7V1B MINGW64 ~/desktop/TestPython (master)
$ cd ..

acer@LAPTOP-9DID7V1B MINGW64 ~/desktop
$ git clone https://github.com/linrakesh/sunvalley.git
fatal: destination path 'sunvalley' already exists and is not an empty directory.

acer@LAPTOP-9DID7V1B MINGW64 ~/desktop
$ git clone https://github.com/linrakesh/sunvalley.git
Cloning into 'sunvalley'...
remote: Counting objects: 8, done.
remote: Compressing objects: 100% (6/6), done.
remote: Total 8 (delta 0), reused 8 (delta 0), pack-reused 0
Unpacking objects: 100% (8/8), done.

acer@LAPTOP-9DID7V1B MINGW64 ~/desktop
$ ls
'~WRL0001.tmp'
'~WRL0005.tmp'
 14_Computer_science_New.pdf
 15_Information_Practices_New.pdf
 AccStmt_513784_032018_5350.pdf
 Class_11_SCI/
 cpp/
'crash course'/
'CS_Paper-2018_1st UT.docx'
'CSS Library'/
 data.xlsx
 data-new.xls
 desktop.ini
'Event Registration (Responses).xlsx'
 frontend-nanodegree-resume-master/
 hello.py
'IP Books_XII'/
'IP Paper-2018_1st UT.docx'
 jango/
 javascript/
'Jquery plugins'/
 lal10/
 Mahs_Retest.pdf
 movies/
'New folder'/
'Notes from Buffett Letters (1957-2014).docx'
 nursary/
 parallex.jpg
 practice/
 Proposal/
'Python Codes'/
 PythonBox/
 QP/
 s2/
'Social Science_Retest.pdf'
 sunvalley/
 SunValley1/
 vikas/
 website/
 xicpp/

acer@LAPTOP-9DID7V1B MINGW64 ~/desktop
$ cd sunvalley

acer@LAPTOP-9DID7V1B MINGW64 ~/desktop/sunvalley (master)
$ git status
On branch master
Your branch is up to date with 'origin/master'.

nothing to commit, working tree clean

acer@LAPTOP-9DID7V1B MINGW64 ~/desktop/sunvalley (master)
$ git status
On branch master
Your branch is up to date with 'origin/master'.

nothing to commit, working tree clean

acer@LAPTOP-9DID7V1B MINGW64 ~/desktop/sunvalley (master)
$ git staus
git: 'staus' is not a git command. See 'git --help'.

The most similar command is
        status

acer@LAPTOP-9DID7V1B MINGW64 ~/desktop/sunvalley (master)
$ git status
On branch master
Your branch is up to date with 'origin/master'.

Untracked files:
  (use "git add <file>..." to include in what will be committed)

        New Microsoft Office Publisher Document.pub

nothing added to commit but untracked files present (use "git add" to track)

acer@LAPTOP-9DID7V1B MINGW64 ~/desktop/sunvalley (master)
$ git add .

acer@LAPTOP-9DID7V1B MINGW64 ~/desktop/sunvalley (master)
$ git status
On branch master
Your branch is up to date with 'origin/master'.

Changes to be committed:
  (use "git reset HEAD <file>..." to unstage)

        new file:   New Microsoft Office Publisher Document.pub


acer@LAPTOP-9DID7V1B MINGW64 ~/desktop/sunvalley (master)
$ git commit -m "office document"
[master 3a27c4c] office document
 1 file changed, 0 insertions(+), 0 deletions(-)
 create mode 100644 New Microsoft Office Publisher Document.pub

acer@LAPTOP-9DID7V1B MINGW64 ~/desktop/sunvalley (master)
$ git remote add origin https://github.com/linrakesh/baby.git
fatal: remote origin already exists.

acer@LAPTOP-9DID7V1B MINGW64 ~/desktop/sunvalley (master)
$ git remove remote origin
git: 'remove' is not a git command. See 'git --help'.

The most similar command is
        remote

acer@LAPTOP-9DID7V1B MINGW64 ~/desktop/sunvalley (master)
$ git remote remove origin

acer@LAPTOP-9DID7V1B MINGW64 ~/desktop/sunvalley (master)
$ git remote add origin https://github.com/linrakesh/baby.git

acer@LAPTOP-9DID7V1B MINGW64 ~/desktop/sunvalley (master)
$ git push origin master
fatal: HttpRequestException encountered.
   An error occurred while sending the request.
Username for 'https://github.com': linrakesh
Counting objects: 11, done.
Delta compression using up to 4 threads.
Compressing objects: 100% (9/9), done.
Writing objects: 100% (11/11), 5.56 KiB | 474.00 KiB/s, done.
Total 11 (delta 1), reused 0 (delta 0)
remote: Resolving deltas: 100% (1/1), done.
To https://github.com/linrakesh/baby.git
 * [new branch]      master -> master

acer@LAPTOP-9DID7V1B MINGW64 ~/desktop/sunvalley (master)
$ ^C

acer@LAPTOP-9DID7V1B MINGW64 ~/desktop/sunvalley (master)
$



Rakesh Kumar ( WordPress Developer )
www.binarynote.com | Themeauthor.com
Linkedin |  FaceBook | Twitter




